// Jest Snapshot v1, https://goo.gl/fbAQLP

exports[`Button should match snapshot 1`] = `
<DocumentFragment>
  <button
    class="inline-flex items-center justify-center rounded-md font-medium transition-colors bg-blue-600 text-white hover:bg-blue-700 disabled:bg-gray-300 px-4 py-2 text-base "
  >
    Snapshot
  </button>
</DocumentFragment>
`;
